Player 0's turn
Dice Roll: 4295032831, Flex Dice Roll:140721233871120
Board State:
*OOa  *O
OOO*OOOO
*OO1  *O
Player 0 game path:
v--<``>v
>-----^|
``````E<
Player 1 game path:
``````E<
>-----v|
^--<``>^
